┌─────────────────────────────────────────── sync ───────────────────────────────────────────┐
│  folder                                                                                      │
│  folder: /tmp/opencode/npm-sync-test/share                                                   │
└────────────────────────────────────────────────────────────────────────────────────────────┘
